pb
pb
pb
pb
ra
pb
pb
pb
pb
pb
pb
pb
pb
ra
pb
pb
pb
pb
ra
pb
pb
pb
pb
pb
pb
pb
pb
pb
ra
pb
pb
pb
pb
pb
pb
pb
pb
pb
pb
pb
pb
pb
pb
pb
pb
pb
pb
ra
pb
pb
pb
pb
ra
pb
pb
pb
pb
ra
pb
pb
pb
pb
pb
pb
pb
pb
pb
pb
pb
pb
pb
pb
pb
pb
pb
pb
pb
pb
ra
pb
pb
pb
pb
pb
pb
pb
pb
pb
pb
pb
pb
pb
pb
pb
ra
ra
pb
ra
pb
pb
pb
pb
ra
pb
pb
pb
pb
pb
pb
pb
pb
pb
ra
pb
pb
pb
pb
pb
ra
pb
pb
ra
pb
pb
pb
pb
pb
pb
pb
pb
pb
pb
pb
pb
pb
pb
pb
pb
pb
pb
pb
pb
pb
pb
pb
pb
pb
pb
pb
pb
pb
pb
pb
pb
pb
pb
pb
pb
pb
pb
pb
pb
pb
pb
pb
pb
pb
pb
pb
pb
ra
pb
pb
pb
ra
pb
ra
pb
pb
pb
pb
pb
pb
pb
pb
pb
pb
pb
pb
ra
pb
pb
pb
pb
pb
pb
pb
pb
pb
pb
pb
pb
pb
pb
pb
pb
pb
pb
pb
pb
ra
pb
pb
pb
pb
pb
pb
pb
pb
ra
pb
pb
pb
pb
pb
pb
pb
pb
pb
ra
pb
pb
pb
ra
pb
pb
pb
pb
pb
pb
pb
pb
pb
pb
pb
ra
pb
pb
pb
pb
ra
ra
pb
pb
pb
pb
pb
pb
pb
pb
pb
pb
pb
pb
pb
pb
ra
pb
pb
pb
ra
pb
ra
pb
pb
pb
pb
pb
pb
pb
pb
pb
pb
pb
pb
pb
pb
pb
pb
pb
pb
pb
pb
pb
pb
pb
pb
pb
pb
pb
pb
pb
pb
pb
pb
pb
pb
pb
pb
pb
pb
pb
ra
ra
ra
pb
pb
pb
pb
pb
pb
ra
pb
pb
pb
pb
pb
ra
pb
pb
pb
pb
pb
pb
pb
pb
pb
pb
pb
pb
pb
pb
pb
pb
pb
pb
ra
pb
pb
pb
pb
pb
pb
pb
pb
pb
pb
pb
pb
pb
pb
pb
pb
pb
pb
pb
pb
pb
pb
pb
pb
pb
pb
pb
pb
ra
pb
pb
pb
pb
pb
pb
pb
pb
pb
pb
pb
pb
pb
pb
pb
pb
pb
pb
pb
pb
pb
pb
pb
pb
ra
pb
pb
pb
pb
pb
pb
pb
pb
pb
pb
pb
pb
ra
pb
pb
pb
pb
pb
pb
pb
pb
pb
pb
pb
pb
pb
pb
pb
pb
pb
pb
pb
pb
pb
pb
pb
pb
pb
pb
pb
pb
pb
pb
pb
pb
pb
pb
pb
pb
pb
pb
ra
pb
pb
pb
pb
pb
pb
pb
pb
pb
pb
pb
pb
pb
pb
pb
pb
ra
pb
pb
pb
pb
pb
pb
pb
pb
pb
pb
pb
ra
pb
pb
pb
pb
pb
pb
pb
pb
pb
pb
pb
pb
ra
pb
pb
pb
ra
pb
rb
pa
ra
ra
ra
ra
ra
ra
ra
ra
ra
ra
ra
ra
ra
pa
rra
pa
rrb
rrb
rrb
rrb
pa
ra
ra
ra
rrb
rrb
rrb
pa
ra
ra
ra
ra
ra
pa
rr
rb
rb
rb
pa
ra
ra
ra
ra
ra
pa
rr
rr
rb
pa
ra
ra
ra
ra
rrb
rrb
pa
rr
rb
rb
rb
pa
ra
ra
ra
rrb
pa
rrb
rrb
rrb
rrb
rrb
pa
ra
ra
ra
ra
pa
rrb
pa
rrr
pa
ra
ra
ra
rrb
rrb
pa
ra
ra
ra
ra
ra
pa
rb
pa
rrr
rrb
pa
ra
rrb
rrb
rrb
pa
rrr
rrr
rrb
pa
ra
ra
ra
ra
ra
ra
ra
rrb
rrb
pa
rrr
rrb
pa
ra
ra
ra
ra
rrb
rrb
rrb
rrb
rrb
rrb
rrb
pa
ra
ra
ra
ra
ra
ra
ra
ra
rrb
rrb
pa
ra
rrb
rrb
rrb
rrb
rrb
rrb
rrb
rrb
pa
ra
ra
ra
ra
pa
ra
ra
pa
rrr
rrr
rra
rra
pa
rrr
rrr
rrb
rrb
rrb
rrb
rrb
pa
rrr
rrr
rra
rra
rra
rra
rra
pa
rrr
rrr
rrr
rrr
rrb
rrb
rrb
rrb
rrb
rrb
rrb
pa
rra
rra
rra
rra
rra
pa
rrr
rrb
pa
rra
rra
rra
rra
rra
rb
rb
rb
pa
rrr
rra
rra
rra
pa
rrr
rrr
rrr
rra
pa
rra
rra
rra
rra
rra
rra
pa
rrb
pa
rra
rra
rb
rb
pa
rra
rra
rra
rra
rra
rra
pa
rra
rra
rra
rra
rb
pa
rb
pa
rra
rra
rb
rb
rb
pa
rr
rr
rr
ra
pa
rr
rb
rb
rb
pa
rra
rra
rra
pa
rra
rra
rra
rra
rra
rb
rb
rb
pa
rra
rra
rb
rb
rb
rb
pa
rra
rra
rb
rb
pa
rr
ra
ra
pa
rr
rr
rr
rr
rr
pa
rr
rb
rb
rb
pa
rra
rra
rb
rb
rb
pa
rrr
rra
rra
rra
rra
pa
rr
rr
rr
rr
rr
rr
ra
ra
ra
ra
ra
ra
pa
rr
rr
rr
rb
rb
rb
rb
rb
rb
pa
rb
rb
rb
rb
rb
rb
rb
rb
rb
rb
pa
rra
rra
rra
rra
rra
rra
rra
rb
pa
rra
rra
pa
rr
ra
ra
pa
ra
ra
ra
ra
ra
ra
ra
ra
ra
ra
ra
ra
ra
ra
ra
ra
rrb
pa
ra
ra
ra
ra
ra
pa
rb
rb
pa
rra
rb
rb
rb
rb
rb
pa
rr
rr
rr
rr
ra
ra
pa
ra
rrb
rrb
rrb
rrb
rrb
rrb
rrb
rrb
rrb
rrb
rrb
pa
rr
ra
ra
ra
pa
ra
ra
ra
ra
ra
ra
ra
pa
ra
rrb
rrb
rrb
rrb
pa
rrr
rrb
rrb
pa
ra
ra
ra
ra
ra
ra
ra
rrb
pa
rr
rr
rb
pa
rra
rra
rra
rb
rb
rb
rb
pa
rr
rr
rr
rr
rb
rb
rb
rb
rb
rb
pa
rr
rr
rr
rr
rr
rb
rb
rb
pa
ra
ra
ra
ra
ra
ra
ra
rrb
rrb
rrb
pa
ra
ra
ra
rrb
rrb
rrb
pa
ra
ra
rrb
pa
ra
ra
ra
ra
ra
ra
ra
ra
ra
ra
rrb
rrb
pa
rrr
rrb
rrb
rrb
rrb
rrb
pa
rrr
rrr
rrr
rrr
rrr
rrr
pa
rrr
rrb
rrb
rrb
pa
rra
rra
rra
rra
rra
rra
rra
rra
rra
rra
rb
pa
ra
ra
ra
rrb
rrb
rrb
rrb
rrb
rrb
rrb
pa
ra
ra
ra
ra
ra
ra
ra
ra
ra
ra
ra
rrb
rrb
rrb
rrb
rrb
rrb
rrb
rrb
rrb
rrb
rrb
pa
rrr
rrb
rrb
pa
ra
ra
ra
ra
rrb
pa
rrb
rrb
rrb
rrb
pa
rr
ra
ra
ra
ra
ra
ra
ra
ra
ra
ra
ra
ra
ra
ra
pa
rr
ra
ra
ra
pa
rra
rra
rra
rra
rra
rra
rb
pa
rb
rb
rb
rb
rb
rb
rb
rb
rb
pa
rr
rr
ra
ra
ra
ra
ra
pa
rr
rr
rb
rb
pa
ra
ra
ra
pa
rr
rb
rb
rb
rb
rb
rb
pa
ra
ra
ra
ra
pa
rr
rr
rr
rb
rb
rb
pa
rr
rb
rb
rb
rb
rb
rb
rb
rb
rb
rb
rb
pa
ra
ra
ra
ra
ra
ra
ra
ra
pa
rrr
rra
rra
rra
rra
rra
rra
rra
rra
rra
rra
rra
rra
rra
rra
pa
rrr
rra
pa
rr
rb
rb
rb
rb
rb
rb
rb
rb
rb
rb
pa
rra
rra
rra
rra
rra
rra
rra
rra
rb
rb
rb
rb
rb
rb
rb
rb
pa
rrr
rra
rra
rra
rra
rra
rra
rra
rra
rra
rra
rra
pa
rr
rr
rr
rb
rb
rb
rb
rb
rb
rb
pa
rrr
rrr
rrr
rrr
rrr
rrr
rrr
rra
rra
rra
rra
rra
rra
rra
rra
rra
rra
rra
rra
rra
rra
rra
rra
pa
ra
ra
ra
ra
rrb
rrb
rrb
rrb
rrb
pa
rrb
rrb
rrb
rrb
rrb
rrb
rrb
rrb
rrb
pa
ra
ra
ra
ra
ra
rrb
rrb
pa
rrr
rrr
rrb
rrb
rrb
rrb
rrb
pa
rrr
rrr
rrr
rrr
rrr
rrr
rra
pa
rra
rra
rra
rra
rra
rra
rra
rra
rra
rra
rra
rra
rb
rb
pa
rb
rb
rb
rb
rb
rb
rb
pa
rr
rr
rr
rb
pa
rra
rra
rra
rra
rra
rra
rb
rb
rb
rb
rb
pa
rrr
rrr
rrr
rra
pa
rra
rra
rra
rb
pa
rra
rra
rra
rra
rb
rb
rb
pa
rra
rb
pa
rrb
rrb
rrb
rrb
rrb
rrb
rrb
rrb
pa
rrb
rrb
rrb
rrb
rrb
rrb
pa
rra
rra
rra
rra
rra
rra
rra
rra
rra
rb
rb
rb
pa
rra
rra
rra
rra
rra
rra
rb
rb
pa
rra
rra
rra
rra
rra
rra
rra
rra
rra
rra
pa
rrb
rrb
rrb
rrb
pa
rra
rra
rra
rb
pa
rrr
rrr
rra
rra
pa
rb
rb
rb
rb
rb
rb
pa
rra
rra
rra
rra
rra
rra
rra
rra
rb
pa
rrr
rra
rra
pa
rra
rra
rra
rb
rb
pa
rrr
rra
rra
rra
rra
pa
rrr
rrr
rrb
rrb
pa
rra
rra
rb
pa
rra
rra
rra
rra
rra
rra
rra
rb
pa
rra
rra
rb
rb
rb
rb
rb
pa
pa
rrr
rrr
rra
rra
rra
rra
rra
rra
rra
rra
pa
rra
rra
rra
rra
rra
rb
rb
rb
rb
rb
rb
rb
rb
rb
rb
rb
rb
rb
rb
pa
rra
rra
rra
rra
rra
rra
rra
rb
rb
rb
rb
rb
rb
rb
pa
rr
rr
rr
rr
rr
ra
ra
ra
ra
ra
ra
ra
ra
pa
rra
rb
rb
rb
rb
rb
rb
rb
rb
rb
rb
rb
rb
rb
pa
rr
rr
rr
rr
rb
rb
rb
rb
rb
pa
rr
rr
rr
rr
rb
rb
rb
rb
rb
pa
rr
rr
rr
rr
rr
rr
rr
ra
pa
ra
ra
ra
ra
ra
ra
ra
ra
ra
rrb
rrb
rrb
rrb
rrb
rrb
rrb
rrb
rrb
rrb
pa
rr
rr
rr
ra
ra
ra
pa
ra
ra
ra
ra
ra
ra
rrb
rrb
rrb
rrb
rrb
rrb
pa
ra
ra
ra
ra
ra
rrb
rrb
pa
ra
ra
ra
ra
rrb
rrb
rrb
pa
ra
ra
ra
ra
ra
ra
ra
ra
pa
ra
ra
ra
ra
ra
rrb
rrb
pa
ra
rrb
rrb
rrb
rrb
rrb
rrb
rrb
rrb
rrb
pa
rb
rb
rb
rb
rb
rb
rb
rb
rb
rb
rb
rb
rb
rb
rb
rb
rb
rb
pa
rr
rr
ra
ra
ra
ra
ra
ra
pa
ra
ra
ra
ra
ra
pa
rrb
rrb
rrb
rrb
rrb
rrb
rrb
rrb
rrb
rrb
rrb
pa
ra
ra
ra
ra
ra
ra
ra
ra
ra
ra
ra
ra
rrb
rrb
rrb
rrb
pa
rr
rr
rb
rb
rb
rb
rb
rb
pa
rr
rr
rr
rr
ra
ra
pa
rb
rb
rb
rb
rb
rb
rb
rb
rb
rb
rb
rb
rb
rb
pa
rra
rra
rra
rra
rra
rra
rra
rra
rb
rb
rb
rb
pa
rra
rra
rra
rra
rra
rra
rra
rra
pa
rrr
rrr
rrb
rrb
rrb
rrb
pa
rra
rra
rra
rra
rra
rra
rb
rb
pa
ra
ra
ra
ra
ra
ra
ra
ra
ra
ra
ra
ra
rrb
rrb
rrb
rrb
rrb
rrb
rrb
pa
rrr
rrr
rrr
rrr
rra
rra
rra
rra
rra
rra
rra
rra
rra
rra
rra
rra
rra
rra
rra
rra
rra
rra
rra
pa
rrr
rra
rra
rra
rra
rra
pa
rrb
rrb
pa
rrr
rrb
rrb
pa
ra
rrb
pa
rrr
rrr
pa
rra
rb
rb
rb
rb
rb
rb
rb
rb
rb
rb
rb
rb
rb
rb
rb
rb
rb
rb
pa
rra
rb
rb
rb
pa
rr
rr
rr
rr
rb
rb
pa
ra
ra
ra
ra
ra
pa
rra
rra
rra
rra
rb
rb
rb
rb
rb
rb
rb
rb
rb
rb
rb
rb
rb
rb
pa
rra
rra
rra
rra
rra
rra
rra
rb
rb
pa
rrr
rrr
rra
rra
pa
rra
rra
rra
rra
rra
rra
rra
rra
rb
rb
rb
pa
rrr
rrr
rrb
rrb
rrb
rrb
rrb
rrb
rrb
rrb
rrb
rrb
rrb
pa
rra
rra
rra
pa
rrr
rrr
rrr
pa
ra
ra
ra
ra
ra
ra
ra
ra
ra
rrb
rrb
rrb
rrb
rrb
rrb
pa
ra
ra
ra
ra
rrb
rrb
rrb
rrb
pa
ra
ra
ra
rrb
rrb
pa
rrr
rrr
rrr
rrr
rrr
rrr
rrr
rrr
rrr
rra
rra
rra
pa
rrb
pa
rrb
rrb
rrb
rrb
rrb
rrb
rrb
rrb
rrb
rrb
rrb
rrb
rrb
rrb
pa
ra
ra
ra
rrb
rrb
pa
rra
rra
rra
rra
rra
rra
rra
rb
rb
rb
pa
rra
rra
rra
rra
rra
rra
rra
rra
rra
rra
rra
rra
rb
rb
rb
rb
rb
rb
rb
rb
rb
rb
rb
rb
rb
rb
rb
rb
pa
rr
rb
rb
rb
rb
rb
pa
rr
rr
rr
rr
rb
rb
rb
rb
rb
rb
pa
rra
rra
rra
rra
rra
rra
rra
rra
rb
rb
rb
rb
rb
rb
rb
rb
pa
rr
rr
rr
rr
rr
rr
rr
rr
rr
rr
rr
ra
ra
ra
ra
ra
ra
ra
ra
ra
ra
ra
ra
ra
ra
ra
ra
ra
ra
pa
rr
rr
rr
rr
rr
ra
ra
ra
pa
rr
rr
rr
pa
rra
rra
rra
rra
rb
rb
pa
rr
rr
rr
rr
rr
rr
rr
rr
rr
rr
ra
ra
ra
ra
ra
ra
ra
ra
ra
ra
ra
ra
ra
ra
pa
rra
rra
rra
rb
rb
rb
pa
rr
rr
rr
ra
ra
ra
ra
ra
ra
pa
ra
pa
rra
rra
rra
rb
pa
rr
rr
rr
rr
rr
rr
rb
rb
rb
rb
pa
rrr
rra
rra
rra
rra
rra
rra
rra
rra
rra
rra
rra
rra
rra
pa
rr
rb
rb
rb
rb
rb
rb
pa
rr
rr
rr
rr
rr
rr
rr
rr
rr
rb
rb
pa
rr
rr
rr
rr
rr
rr
rr
ra
ra
ra
ra
ra
ra
ra
ra
pa
rra
rra
rra
rra
rra
rra
rb
rb
rb
rb
rb
rb
rb
rb
rb
rb
rb
rb
rb
rb
rb
rb
rb
rb
rb
rb
rb
pa
rra
rra
rra
rra
rra
rra
rra
rra
rra
rra
rra
rra
rra
rra
rra
rra
rra
rra
rra
rra
rra
rb
rb
rb
rb
rb
rb
rb
pa
rr
rr
rr
rr
rb
rb
rb
pa
ra
rrb
rrb
rrb
rrb
rrb
rrb
rrb
rrb
rrb
rrb
rrb
rrb
rrb
rrb
rrb
rrb
rrb
rrb
rrb
rrb
rrb
rrb
rrb
rrb
rrb
rrb
rrb
rrb
pa
rra
rra
rra
rra
rra
rra
rra
rra
rra
rra
rra
rra
rra
rra
rra
rra
rra
rra
rra
rb
rb
rb
rb
rb
rb
rb
rb
rb
rb
rb
rb
pa
rra
rra
rra
rra
rra
rra
rra
rra
rra
rra
rra
rra
rra
rra
rb
rb
rb
rb
rb
rb
rb
rb
rb
rb
rb
rb
rb
rb
pa
rra
rra
rra
rra
rra
rra
rra
rra
rra
rra
rra
rb
pa
rra
rra
rra
rra
rra
rra
rra
rra
rra
rra
rra
rra
rra
rra
rra
rra
rra
rra
rra
rra
rra
rb
rb
pa
rr
rr
rr
pa
rra
rra
rra
rb
rb
rb
pa
rr
ra
ra
pa
ra
ra
ra
ra
ra
ra
ra
ra
ra
ra
rrb
rrb
rrb
rrb
rrb
rrb
rrb
rrb
rrb
rrb
rrb
rrb
rrb
rrb
rrb
rrb
rrb
rrb
rrb
rrb
rrb
rrb
rrb
rrb
rrb
rrb
rrb
rrb
rrb
pa
rrr
rrr
rrr
rra
rra
rra
rra
rra
rra
rra
rra
rra
rra
rra
rra
rra
rra
rra
rra
rra
pa
ra
ra
ra
ra
ra
ra
rrb
rrb
rrb
rrb
rrb
rrb
rrb
rrb
pa
rrr
rrr
rrr
rrr
rrb
rrb
rrb
rrb
rrb
rrb
rrb
rrb
rrb
rrb
rrb
pa
rrb
rrb
rrb
rrb
rrb
rrb
pa
rrr
rrr
rra
rra
rra
rra
rra
rra
pa
ra
ra
ra
ra
ra
ra
ra
ra
ra
ra
ra
ra
ra
ra
ra
ra
ra
ra
rrb
rrb
pa
rr
rr
ra
ra
ra
ra
ra
ra
ra
ra
ra
ra
pa
ra
ra
ra
ra
ra
rrb
rrb
rrb
rrb
rrb
pa
rr
rr
rr
rr
rr
rr
rr
rr
rr
rb
rb
rb
rb
pa
rrr
rrr
rrr
rrb
rrb
rrb
rrb
rrb
rrb
rrb
rrb
rrb
rrb
rrb
rrb
rrb
rrb
rrb
rrb
rrb
rrb
rrb
rrb
rrb
rrb
rrb
rrb
rrb
rrb
rrb
pa
rrr
rrr
rrr
rrr
rra
rra
rra
rra
rra
rra
rra
rra
rra
rra
rra
rra
rra
rra
rra
rra
rra
rra
rra
rra
rra
rra
rra
rra
rra
rra
rra
rra
rra
rra
rra
rra
pa
rra
rra
rra
rra
rra
rra
rra
rra
rra
rra
rra
rra
rra
rra
rra
rra
rra
rra
rra
rra
pa
rr
rr
rb
rb
pa
rra
rra
rra
rra
rb
rb
rb
rb
rb
rb
rb
rb
rb
pa
rra
rra
rra
rra
rra
rra
rra
rb
rb
pa
rrr
rrr
rrb
rrb
rrb
rrb
rrb
rrb
rrb
rrb
rrb
rrb
rrb
rrb
rrb
pa
rrr
rrr
rrr
rrr
rra
rra
rra
rra
rra
rra
pa
ra
rrb
pa
ra
ra
rrb
rrb
rrb
rrb
rrb
rrb
rrb
rrb
rrb
rrb
rrb
pa
rrr
rrr
rrr
rrr
rrb
rrb
rrb
rrb
pa
rrr
rrb
rrb
rrb
rrb
rrb
rrb
rrb
rrb
rrb
pa
rrr
rra
rra
rra
rra
rra
rra
rra
rra
rra
rra
rra
rra
rra
rra
pa
rra
rra
rra
rra
rra
rra
rb
rb
rb
pa
rrr
rra
rra
rra
rra
pa
rra
rra
rra
rb
rb
rb
pa
rrr
rra
rra
rra
rra
rra
rra
rra
pa
rrr
rrr
rra
rra
rra
rra
rra
rra
rra
rra
rra
rra
rra
rra
pa
rrb
rrb
rrb
rrb
rrb
rrb
rrb
pa
ra
ra
ra
ra
ra
rrb
rrb
rrb
rrb
rrb
pa
rrr
rrr
rrr
rrb
rrb
pa
rrr
rrr
pa
rra
rra
rra
rra
rra
rra
pa
rra
rra
rra
rra
rra
rra
rra
rb
rb
rb
rb
rb
rb
rb
rb
pa
rr
rr
rr
ra
ra
pa
rr
rb
rb
pa
rra
rb
rb
rb
rb
rb
rb
rb
rb
rb
rb
pa
rr
rr
ra
ra
pa
rr
rr
ra
ra
ra
pa
rr
rb
rb
pa
rra
rra
rra
rra
rra
rra
rb
rb
rb
rb
pa
rra
rra
rra
rra
rra
rra
rra
rb
rb
rb
rb
rb
pa
rrr
rrr
rrr
rrr
rra
rra
rra
rra
rra
rra
rra
rra
rra
rra
rra
rra
rra
rra
pa
rra
rra
rra
rra
rra
rb
rb
rb
rb
rb
pa
rrr
rrr
rrr
rrr
rrr
rra
pa
rrr
rra
rra
rra
pa
rrr
rrr
rrb
rrb
rrb
rrb
rrb
rrb
rrb
rrb
rrb
rrb
pa
ra
ra
ra
ra
rrb
rrb
rrb
pa
rr
rr
rr
rr
rr
rr
rr
rr
ra
ra
ra
ra
ra
pa
rrb
rrb
rrb
rrb
rrb
rrb
rrb
rrb
rrb
rrb
rrb
rrb
rrb
rrb
rrb
rrb
rrb
rrb
pa
rr
rr
rr
rr
rr
rr
ra
ra
pa
ra
ra
ra
ra
ra
ra
ra
ra
ra
ra
rrb
rrb
rrb
rrb
rrb
rrb
pa
rrr
rrr
rrr
rrr
rrb
rrb
pa
ra
ra
ra
ra
ra
ra
ra
ra
ra
ra
ra
ra
ra
ra
ra
ra
ra
ra
ra
ra
rrb
rrb
rrb
rrb
rrb
rrb
rrb
rrb
rrb
rrb
rrb
rrb
rrb
rrb
rrb
rrb
pa
ra
ra
ra
ra
ra
ra
ra
ra
ra
rrb
rrb
rrb
rrb
rrb
rrb
rrb
rrb
pa
ra
ra
ra
ra
ra
ra
ra
ra
ra
ra
ra
rrb
rrb
rrb
rrb
rrb
rrb
rrb
rrb
rrb
rrb
pa
rrr
rrr
rrr
rrr
rrr
rrr
rrb
rrb
rrb
rrb
rrb
rrb
rrb
rrb
pa
ra
rrb
rrb
rrb
rrb
rrb
rrb
rrb
rrb
rrb
pa
ra
rrb
rrb
rrb
pa
ra
ra
ra
ra
rrb
rrb
rrb
pa
rr
rr
rr
ra
ra
ra
ra
ra
ra
ra
ra
ra
ra
ra
ra
ra
ra
ra
ra
ra
pa
pa
ra
ra
ra
ra
ra
ra
rrb
pa
rrb
rrb
rrb
rrb
rrb
pa
rr
rr
rr
rr
ra
ra
ra
ra
pa
rr
rb
rb
rb
rb
rb
rb
rb
rb
pa
rb
rb
rb
rb
rb
rb
rb
rb
rb
rb
pa
rra
rra
rra
rra
rra
rra
rra
pa
rra
rra
rra
rra
rra
rb
pa
rra
rra
rb
rb
pa
rra
rra
rra
rra
rra
rb
rb
rb
rb
rb
pa
rra
rra
rra
rra
rra
rb
rb
rb
rb
pa
rr
rr
rr
rr
rr
rr
rr
rr
ra
ra
pa
ra
ra
ra
ra
ra
ra
ra
ra
ra
ra
ra
rrb
rrb
rrb
rrb
rrb
pa
ra
ra
ra
ra
ra
ra
ra
ra
rrb
rrb
pa
rrr
rrr
rrb
rrb
rrb
rrb
pa
ra
rrb
pa
ra
ra
ra
ra
ra
ra
ra
ra
rrb
pa
rr
rr
ra
pa
rr
ra
pa
ra
ra
ra
ra
ra
ra
ra
rrb
rrb
pa
rr
rr
ra
ra
pa
rr
rr
rr
rb
rb
rb
rb
pa
rr
rr
rb
rb
rb
pa
rra
rra
rb
rb
rb
rb
rb
rb
pa
rra
rra
rra
rra
rra
rra
rb
rb
pa
rra
rra
rra
rra
rb
rb
pa
rr
rr
ra
pa
ra
ra
ra
ra
ra
ra
rrb
rrb
pa
ra
ra
ra
ra
ra
ra
pa
rb
pa
ra
ra
ra
ra
ra
ra
ra
ra
ra
ra
ra
ra
ra
ra
ra
pa
rr
rb
pa
rra
rra
rra
rb
pa
rra
rra
rb
rb
pa
rr
rr
rr
pa
ra
ra
ra
ra
ra
ra
ra
ra
ra
rrb
rrb
rrb
rrb
rrb
rrb
rrb
rrb
pa
rr
rr
ra
ra
ra
ra
ra
ra
ra
pa
rb
rb
rb
rb
rb
rb
rb
rb
rb
rb
rb
rb
rb
rb
rb
pa
rra
rra
rra
rra
rra
rra
rra
rra
rb
rb
rb
rb
rb
rb
rb
rb
rb
rb
rb
pa
rra
rra
rra
rra
rra
rb
rb
pa
rrr
rrr
rrr
rrb
pa
rra
rra
rb
rb
rb
rb
rb
rb
pa
rr
rr
rr
rb
pa
rrr
rra
rra
rra
rra
rra
rra
rra
rra
rra
rra
rra
rra
rra
rra
rra
pa
rrr
rrr
rrr
rrb
rrb
rrb
rrb
rrb
pa
rrr
rrr
rra
rra
rra
rra
rra
pa
rra
rra
rra
rra
rra
rra
rra
rra
rra
rra
rb
rb
rb
rb
pa
rr
rr
rr
rr
rr
rr
rr
pa
rrr
rrr
rra
rra
rra
rra
rra
rra
rra
rra
rra
rra
rra
rra
rra
rra
rra
rra
rra
rra
rra
pa
rra
rra
rra
rra
rra
rra
rra
rra
rra
rb
rb
rb
pa
rra
rra
rra
rra
rra
rra
rra
rra
rra
rra
rra
rra
rra
rb
rb
rb
rb
rb
rb
pa
rrr
rrr
rrr
rra
pa
rrr
rrr
rra
rra
rra
rra
rra
rra
rra
rra
pa
ra
rrb
pa
rra
rra
rra
rra
rra
pa
rrr
rra
pa
rra
rra
rra
rra
rra
rra
rra
rra
rra
rra
rra
rra
rra
rra
rra
pa
rrr
rrr
rrb
pa
rra
rra
rra
rra
pa
rrr
rra
rra
rra
rra
rra
pa
rra
rra
pa
ra
ra
ra
ra
ra
ra
rrb
rrb
rrb
rrb
rrb
rrb
rrb
rrb
pa
ra
ra
ra
ra
rrb
rrb
rrb
rrb
rrb
rrb
pa
ra
ra
rrb
rrb
rrb
pa
ra
ra
ra
ra
ra
ra
ra
ra
ra
ra
ra
ra
ra
rrb
rrb
rrb
rrb
pa
rr
rr
rr
rr
rr
ra
ra
ra
ra
ra
pa
ra
ra
ra
ra
ra
ra
ra
ra
ra
ra
ra
ra
ra
ra
ra
ra
ra
rrb
rrb
rrb
rrb
pa
rr
rr
rr
rr
rb
pa
rr
ra
pa
ra
ra
ra
ra
ra
ra
pa
rr
rr
rr
ra
ra
pa
ra
ra
ra
ra
ra
ra
ra
ra
ra
ra
rrb
rrb
rrb
rrb
rrb
rrb
rrb
pa
ra
ra
ra
ra
ra
rrb
rrb
rrb
rrb
rrb
rrb
pa
rrr
rrr
rrr
rrr
rra
rra
rra
pa
ra
ra
rrb
rrb
rrb
rrb
pa
rrr
rra
rra
rra
rra
rra
rra
rra
rra
pa
rra
rra
rra
rra
rra
rra
rra
rra
rra
rra
rra
rra
rra
rra
rra
rra
rra
rra
rra
rra
rra
rra
rra
rra
rra
rra
pa
rra
rra
rra
rra
rra
rra
rra
rra
rra
rra
rra
rra
rra
rra
rra
rra
rra
rra
rra
rra
rra
rra
rb
rb
rb
rb
rb
rb
rb
rb
rb
rb
rb
rb
rb
rb
rb
rb
pa
rra
rra
rra
rra
rra
rra
rra
rra
rb
rb
rb
rb
rb
rb
rb
rb
rb
rb
rb
rb
rb
rb
rb
pa
rra
rra
rb
rb
rb
rb
rb
rb
rb
rb
rb
rb
rb
rb
rb
rb
pa
rr
rr
rr
rr
rr
rr
rb
rb
rb
rb
rb
rb
rb
rb
rb
pa
rra
rra
rra
rra
rra
rra
rra
rra
rra
rra
rb
rb
rb
pa
rrr
rrr
rrr
rrr
rra
rra
rra
rra
rra
rra
rra
rra
rra
pa
rrr
rrr
rrr
rrr
rrr
rrr
rrr
rrb
rrb
rrb
rrb
rrb
rrb
pa
rrb
rrb
pa
rrr
rrr
rrr
rrb
rrb
rrb
rrb
rrb
rrb
rrb
rrb
pa
rra
rra
rra
rra
rra
rra
rb
rb
rb
rb
pa
ra
rrb
rrb
rrb
rrb
rrb
rrb
rrb
rrb
rrb
rrb
rrb
rrb
pa
ra
ra
ra
ra
ra
ra
ra
ra
ra
ra
ra
ra
ra
rrb
rrb
rrb
pa
rr
rr
rr
ra
ra
ra
ra
ra
pa
rra
rra
rra
rb
rb
rb
rb
rb
rb
pa
ra
ra
ra
ra
ra
ra
rrb
rrb
rrb
rrb
rrb
rrb
rrb
rrb
rrb
rrb
rrb
rrb
rrb
rrb
rrb
rrb
rrb
rrb
rrb
rrb
rrb
pa
rrr
rrr
rrr
rrr
rrr
rra
rra
rra
rra
rra
rra
rra
rra
rra
pa
rra
rra
rra
rra
rra
rra
rb
rb
rb
pa
rra
rra
rra
rra
rra
rra
rra
rra
rra
rra
rra
rra
rra
rra
rra
rra
rra
rra
rra
rra
rra
rra
rra
rra
rra
rra
rra
rra
pa
ra
ra
rrb
rrb
rrb
rrb
rrb
rrb
rrb
rrb
pa
rrr
rra
rra
rra
rra
rra
rra
rra
pa
ra
rrb
rrb
rrb
rrb
rrb
rrb
rrb
rrb
rrb
rrb
pa
rra
rra
rra
rra
rra
rra
rra
rra
rb
rb
pa
rb
pa
rra
rra
rra
rb
pa
rrb
rrb
rrb
pa
rrb
rrb
pa
rra
rra
rra
rra
rra
rra
rra
rra
rra
rra
rra
rra
rra
rb
rb
rb
rb
rb
rb
rb
rb
rb
rb
rb
rb
rb
rb
rb
rb
rb
pa
rb
rb
rb
pa
rr
rr
rr
rr
rr
rr
rr
rb
rb
pa
ra
ra
ra
ra
ra
ra
ra
ra
ra
ra
ra
ra
ra
ra
ra
ra
ra
pa
ra
ra
ra
ra
ra
ra
ra
ra
pa
rr
rr
rr
pa
rrr
rrr
rrr
rrr
rrr
rrr
rrb
rrb
rrb
rrb
rrb
rrb
pa
rr
rr
rr
rr
rr
rr
rr
rr
rr
rr
rr
rr
rr
rr
rr
ra
ra
ra
ra
ra
ra
ra
ra
ra
ra
ra
ra
ra
pa
rra
rra
rra
rra
rra
rra
rra
rra
rra
rra
rra
rra
rra
rra
rra
rra
rra
rra
rra
rra
rra
rra
rra
rra
rra
rra
rra
rra
rra
rra
rra
rra
rra
rra
rra
rra
rra
rra
rra
rra
rra
rra
rra
rra
rra
rra
rra
rra
rra
rra
rra
rra
rra
rra
rra
rra
rb
rb
rb
rb
rb
rb
pa
rr
pa
rrr
rra
rra
rra
rra
rra
rra
rra
rra
rra
rra
rra
rra
rra
rra
rra
rra
rra
rra
pa
rr
rb
pa
rrr
rrr
rrr
rrb
rrb
pa
rrr
rrr
rrb
rrb
rrb
rrb
rrb
rrb
rrb
pa
ra
ra
ra
rrb
rrb
rrb
rrb
pa
ra
ra
pa
ra
ra
ra
ra
pa
rr
ra
pa
rrr
rrr
rrr
rra
rra
rra
rra
rra
rra
pa
rrr
rrr
rra
pa
rra
pa
rra
rra
rra
rra
rra
rra
rra
rra
rra
pa
rrr
rra
rra
rra
pa
ra
ra
rrb
rrb
pa
ra
rrb
rrb
pa
rra
rra
rra
rra
rra
pa
rra
rra
rb
rb
pa
rr
rb
rb
rb
rb
pa
ra
ra
ra
ra
ra
ra
ra
rrb
pa
rrr
rrr
rrr
rrr
rrr
rrr
rra
rra
rra
rra
rra
rra
rra
rra
rra
rra
pa
rra
rra
rra
rra
rra
rra
rra
rra
rra
rra
rra
rra
rra
rra
rra
rra
rra
rra
rra
rra
rra
rra
rra
rra
rra
rra
rra
rra
rra
rra
rra
rra
rra
rra
rra
rra
rra
rra
rra
rra
rra
rra
rra
rra
rra
rra
rra
rra
rra
rra
rra
rra
rb
rb
rb
rb
rb
rb
rb
rb
rb
rb
rb
rb
rb
rb
rb
pa
rra
rra
rra
rra
rra
rra
rra
rra
rra
rra
rra
rra
rra
rra
rra
rb
rb
rb
rb
rb
pa
rb
rb
rb
rb
pa
rrr
rra
rra
rra
rra
rra
rra
rra
pa
rra
rra
rra
pa
rr
rr
rr
rr
rb
pa
ra
ra
ra
ra
ra
ra
pa
rrr
rrr
rrb
rrb
rrb
rrb
rrb
rrb
pa
rrb
rrb
pa
rrr
rrr
rrr
rrr
rrr
pa
rra
rra
rra
rra
rra
rra
rra
rra
rra
rra
rra
rra
rra
rra
rra
rra
rra
rra
rra
pa
ra
rrb
rrb
rrb
rrb
rrb
pa
rra
rra
rra
rra
rra
rra
rra
rra
rra
rra
rra
rra
rra
pa
rrr
rrr
pa
rra
rra
rb
rb
rb
rb
pa
rr
ra
ra
ra
ra
ra
ra
ra
ra
ra
pa
rrr
rrb
rrb
rrb
rrb
rrb
rrb
pa
ra
ra
rrb
rrb
pa
rrr
rrr
rrr
rra
rra
rra
rra
rra
rra
rra
rra
rra
rra
rra
pa
rra
rra
rb
pa
rra
rra
rra
rra
rra
rra
rb
rb
rb
rb
pa
rra
rra
rra
rb
pa
rrr
rrr
rra
rra
rra
pa
rra
rra
rra
rra
rra
rra
rra
pa
rrr
rra
rra
rra
rra
rra
rra
rra
rra
rra
rra
rra
rra
rra
rra
rra
pa
rrb
rrb
pa
rra
rra
rra
rra
rra
rra
pa
rb
pa
ra
ra
pa
rb
pa
rra
rra
rra
rra
rb
pa
rrr
rrb
rrb
pa
rra
rra
rra
rra
rb
rb
pa
rra
rra
rra
pa
rrr
rrr
rra
rra
rra
rra
rra
rra
rra
rra
rra
rra
rra
pa
rra
rra
rra
pa
ra
ra
ra
ra
ra
ra
ra
ra
ra
ra
ra
ra
ra
ra
ra
ra
ra
ra
ra
ra
ra
ra
ra
ra
ra
ra
ra
ra
ra
ra
ra
ra
ra
ra
ra
ra
ra
ra
ra
ra
ra
ra
ra
ra
ra
ra
ra
ra
ra
ra
ra
ra
ra
ra
ra
ra
ra
ra
ra
ra
ra
ra
ra
ra
ra
ra
ra
ra
ra
ra
ra
ra
ra
ra
ra
ra
ra
ra
ra
ra
ra
ra
ra
ra
ra
ra
ra
ra
ra
ra
ra
ra
ra
ra
ra
ra
ra
ra
ra
ra
ra
ra
ra
ra
ra
ra
ra
ra
ra
ra
ra
ra
ra
ra
ra
ra
ra
ra
ra
ra
pa
ra
rrb
pa
ra
ra
ra
pa
ra
ra
ra
ra
ra
ra
ra
ra
ra
pa
rra
rra
rra
rra
rra
rra
rra
rra
rra
rra
rra
rra
rra
rra
rra
rra
rra
rra
rra
rra
rra
rra
rra
rra
rra
rra
rra
rra
rra
rra
rra
rra
rra
rra
rra
rra
rra
rra
rra
rra
rra
rra
rra
rra
rra
rra
rra
rra
rra
rra
rra
rra
rra
rra
rra
rra
rra
rra
rra
rra
rra
rra
rra
rra
rra
rra
rra
rra
rra
rra
rra
rra
rra
rra
rra
rra
rra
rra
rra
rra
rra
rra
rra
rra
rra
rra
rra
rra
rra
rra
rra
rra
rra
rra
rra
rra
rra
rra
rra
rra
rra
rra
rra
rra
rra
rra
rra
rra
rra
rra
rra
rra
rra
rra
rra
rra
rra
rra
rra
rra
rra
rra
rra
rra
rra
rra
rra
rra
rra
rra
rra
rra
rra
rra
rra
rra
rra
rra
rra
rra
rra
rra
rra
rra
rra
rra
rra
rra
rra
rra
rra
rra
rra
rra
rra
rra
rra
rra
rra
rra
rra
rra
rra
rra
rra
rra
rra
rra
rra
rra
rra
rra
rra
